// Jest Snapshot v1, https://goo.gl/fbAQLP

exports[`Test Loader 1`] = `
<div
  className="ui container"
>
  <div
    className="ui massive active loader"
  />
</div>
`;
